// Jest Snapshot v1, https://goo.gl/fbAQLP

exports[`queries run calibration forecast query 1`] = `
[
  {
    "fields": [
      {
        "name": "Formatted Time",
        "values": [
          "July 2024",
          "August 2024",
          "September 2024",
          "October 2024",
          "November 2024",
          "December 2024",
        ],
      },
      {
        "name": "Lab1",
        "values": [
          1,
          2,
          3,
          4,
          5,
          6,
        ],
      },
      {
        "name": "Lab2",
        "values": [
          0,
          1,
          2,
          3,
          4,
          4,
        ],
      },
    ],
    "refId": "A",
  },
]
`;

exports[`queries run metadata query 1`] = `
[
  {
    "fields": [
      {
        "name": "id",
        "values": [
          "7f6d0d74-bc75-4d78-9edd-00c253b3a0de",
          "71fbef61-fae6-4364-82d4-29feb79c7146",
          "cf1ac843-06a2-4713-ab43-f9d1d8dfdc32",
          "456e8812-1da4-4818-afab-f0cd34f74567",
        ],
      },
      {
        "name": "name",
        "values": [
          "NI-sbRIO-9629-01FE20D1",
          "Conn0_AI",
          "Conn0_AO",
          "Conn0_DIO0-3",
        ],
      },
      {
        "name": "model name",
        "values": [
          "sbRIO-9629",
          "AI 0-15",
          "AO 0-3",
          "DIO 0-3",
        ],
      },
      {
        "name": "serial number",
        "values": [
          "01FE20D1",
          "01FE20D1",
          "01FE20D1",
          "01FE20D1",
        ],
      },
      {
        "name": "bus type",
        "values": [
          "BUILT_IN_SYSTEM",
          "CRIO",
          "CRIO",
          "CRIO",
        ],
      },
      {
        "name": "asset type",
        "values": [
          "SYSTEM",
          "GENERIC",
          "GENERIC",
          "GENERIC",
        ],
      },
      {
        "name": "is NI asset",
        "values": [
          true,
          true,
          true,
          true,
        ],
      },
      {
        "name": "calibration status",
        "values": [
          "OK",
          "OK",
          "OK",
          "OK",
        ],
      },
      {
        "name": "is system controller",
        "values": [
          true,
          false,
          false,
          false,
        ],
      },
      {
        "name": "last updated timestamp",
        "values": [
          "2024-02-21T12:54:20.069Z",
          "2024-02-21T12:54:20.072Z",
          "2024-02-21T12:54:20.076Z",
          "2024-02-21T12:54:20.078Z",
        ],
      },
      {
        "name": "minionId",
        "values": [
          "NI_sbRIO-9629--SN-01FE20D1--MAC-00-80-2F-33-30-18",
          "NI_sbRIO-9629--SN-01FE20D1--MAC-00-80-2F-33-30-18",
          "NI_sbRIO-9629--SN-01FE20D1--MAC-00-80-2F-33-30-18",
          "NI_sbRIO-9629--SN-01FE20D1--MAC-00-80-2F-33-30-18",
        ],
      },
      {
        "name": "parent name",
        "values": [
          "",
          "sbRIO1",
          "sbRIO1",
          "sbRIO1",
        ],
      },
      {
        "name": "workspace",
        "values": [
          "e73fcd94-649b-4d0a-b164-bf647a5d0946",
          "e73fcd94-649b-4d0a-b164-bf647a5d0946",
          "e73fcd94-649b-4d0a-b164-bf647a5d0946",
          "e73fcd94-649b-4d0a-b164-bf647a5d0946",
        ],
      },
    ],
    "refId": "A",
  },
]
`;

exports[`queries utilization GMT+4 from 9 to 17 and weekday are peak 1`] = `
[
  {
    "fields": [
      {
        "name": "time",
        "values": [
          1702270800000,
          1702357200000,
          1702443600000,
          1702530000000,
          1702616400000,
          1702702800000,
          1702789200000,
          1702875600000,
          1702962000000,
          1703048400000,
          1703134800000,
          1703221200000,
        ],
      },
      {
        "config": {
          "displayName": "cDAQ1Mod1",
          "max": 100,
          "min": 0,
          "unit": "%",
        },
        "name": "cc87e897-79e2-4cbf-9655-1b145d78a306",
        "values": [
          12.275663194444444,
          69.05085069444445,
          70.31286805555555,
          57.299729166666665,
          68.65765972222222,
          0,
          0,
          31.150756944444446,
          0.42872916666666666,
          62.039239583333334,
          66.97873611111112,
          6.594555555555556,
        ],
      },
    ],
    "refId": "A",
  },
]
`;
